// Vitest Snapshot v1, https://vitest.dev/guide/snapshot.html

exports[`unit:utils/getFileSystemEntries > fs (default) > should return file system entries record (0) 1`] = `
{
  "directories": [
    {
      "isDirectory": [Function anonymous],
      "isFile": [Function anonymous],
      "isSymbolicLink": [Function anonymous],
      "name": "A",
      "parentPath": \${process.cwd()},
    },
    {
      "isDirectory": [Function anonymous],
      "isFile": [Function anonymous],
      "isSymbolicLink": [Function anonymous],
      "name": "B",
      "parentPath": \${process.cwd()},
    },
    {
      "isDirectory": [Function anonymous],
      "isFile": [Function anonymous],
      "isSymbolicLink": [Function anonymous],
      "name": "C",
      "parentPath": \${process.cwd()},
    },
    {
      "isDirectory": [Function anonymous],
      "isFile": [Function anonymous],
      "isSymbolicLink": [Function anonymous],
      "name": "D",
      "parentPath": \${process.cwd()},
    },
    {
      "isDirectory": [Function anonymous],
      "isFile": [Function anonymous],
      "isSymbolicLink": [Function anonymous],
      "name": "E",
      "parentPath": \${process.cwd()},
    },
  ],
  "files": [
    {
      "isDirectory": [Function anonymous],
      "isFile": [Function anonymous],
      "isSymbolicLink": [Function anonymous],
      "name": "a",
      "parentPath": \${process.cwd()},
    },
    {
      "isDirectory": [Function anonymous],
      "isFile": [Function anonymous],
      "isSymbolicLink": [Function anonymous],
      "name": "b",
      "parentPath": \${process.cwd()},
    },
    {
      "isDirectory": [Function anonymous],
      "isFile": [Function anonymous],
      "isSymbolicLink": [Function anonymous],
      "name": "c",
      "parentPath": \${process.cwd()},
    },
    {
      "isDirectory": [Function anonymous],
      "isFile": [Function anonymous],
      "isSymbolicLink": [Function anonymous],
      "name": "d",
      "parentPath": \${process.cwd()},
    },
    {
      "isDirectory": [Function anonymous],
      "isFile": [Function anonymous],
      "isSymbolicLink": [Function anonymous],
      "name": "e",
      "parentPath": \${process.cwd()},
    },
    {
      "isDirectory": [Function anonymous],
      "isFile": [Function anonymous],
      "isSymbolicLink": [Function anonymous],
      "name": "f",
      "parentPath": \${process.cwd()},
    },
    {
      "isDirectory": [Function anonymous],
      "isFile": [Function anonymous],
      "isSymbolicLink": [Function anonymous],
      "name": "s",
      "parentPath": \${process.cwd()},
    },
  ],
}
`;

exports[`unit:utils/getFileSystemEntries > fs (default) > should return file system entries record (1) 1`] = `
{
  "directories": [
    {
      "isDirectory": [Function anonymous],
      "isFile": [Function anonymous],
      "isSymbolicLink": [Function anonymous],
      "name": "A",
      "parentPath": \${process.cwd()},
    },
    {
      "isDirectory": [Function anonymous],
      "isFile": [Function anonymous],
      "isSymbolicLink": [Function anonymous],
      "name": "B",
      "parentPath": \${process.cwd()},
    },
    {
      "isDirectory": [Function anonymous],
      "isFile": [Function anonymous],
      "isSymbolicLink": [Function anonymous],
      "name": "C",
      "parentPath": \${process.cwd()},
    },
    {
      "isDirectory": [Function anonymous],
      "isFile": [Function anonymous],
      "isSymbolicLink": [Function anonymous],
      "name": "D",
      "parentPath": \${process.cwd()},
    },
    {
      "isDirectory": [Function anonymous],
      "isFile": [Function anonymous],
      "isSymbolicLink": [Function anonymous],
      "name": "E",
      "parentPath": \${process.cwd()},
    },
  ],
  "files": [
    {
      "isDirectory": [Function anonymous],
      "isFile": [Function anonymous],
      "isSymbolicLink": [Function anonymous],
      "name": "a",
      "parentPath": \${process.cwd()},
    },
    {
      "isDirectory": [Function anonymous],
      "isFile": [Function anonymous],
      "isSymbolicLink": [Function anonymous],
      "name": "b",
      "parentPath": \${process.cwd()},
    },
    {
      "isDirectory": [Function anonymous],
      "isFile": [Function anonymous],
      "isSymbolicLink": [Function anonymous],
      "name": "c",
      "parentPath": \${process.cwd()},
    },
    {
      "isDirectory": [Function anonymous],
      "isFile": [Function anonymous],
      "isSymbolicLink": [Function anonymous],
      "name": "d",
      "parentPath": \${process.cwd()},
    },
    {
      "isDirectory": [Function anonymous],
      "isFile": [Function anonymous],
      "isSymbolicLink": [Function anonymous],
      "name": "e",
      "parentPath": \${process.cwd()},
    },
    {
      "isDirectory": [Function anonymous],
      "isFile": [Function anonymous],
      "isSymbolicLink": [Function anonymous],
      "name": "f",
      "parentPath": \${process.cwd()},
    },
    {
      "isDirectory": [Function anonymous],
      "isFile": [Function anonymous],
      "isSymbolicLink": [Function anonymous],
      "name": "s",
      "parentPath": \${process.cwd()},
    },
  ],
}
`;

exports[`unit:utils/getFileSystemEntries > fs (default) > should return file system entries record (2) 1`] = `
{
  "directories": [
    {
      "isDirectory": [Function anonymous],
      "isFile": [Function anonymous],
      "isSymbolicLink": [Function anonymous],
      "name": "A",
      "parentPath": \${process.cwd()},
    },
    {
      "isDirectory": [Function anonymous],
      "isFile": [Function anonymous],
      "isSymbolicLink": [Function anonymous],
      "name": "B",
      "parentPath": \${process.cwd()},
    },
    {
      "isDirectory": [Function anonymous],
      "isFile": [Function anonymous],
      "isSymbolicLink": [Function anonymous],
      "name": "C",
      "parentPath": \${process.cwd()},
    },
    {
      "isDirectory": [Function anonymous],
      "isFile": [Function anonymous],
      "isSymbolicLink": [Function anonymous],
      "name": "D",
      "parentPath": \${process.cwd()},
    },
    {
      "isDirectory": [Function anonymous],
      "isFile": [Function anonymous],
      "isSymbolicLink": [Function anonymous],
      "name": "E",
      "parentPath": \${process.cwd()},
    },
  ],
  "files": [
    {
      "isDirectory": [Function anonymous],
      "isFile": [Function anonymous],
      "isSymbolicLink": [Function anonymous],
      "name": "a",
      "parentPath": \${process.cwd()},
    },
    {
      "isDirectory": [Function anonymous],
      "isFile": [Function anonymous],
      "isSymbolicLink": [Function anonymous],
      "name": "b",
      "parentPath": \${process.cwd()},
    },
    {
      "isDirectory": [Function anonymous],
      "isFile": [Function anonymous],
      "isSymbolicLink": [Function anonymous],
      "name": "c",
      "parentPath": \${process.cwd()},
    },
    {
      "isDirectory": [Function anonymous],
      "isFile": [Function anonymous],
      "isSymbolicLink": [Function anonymous],
      "name": "d",
      "parentPath": \${process.cwd()},
    },
    {
      "isDirectory": [Function anonymous],
      "isFile": [Function anonymous],
      "isSymbolicLink": [Function anonymous],
      "name": "e",
      "parentPath": \${process.cwd()},
    },
    {
      "isDirectory": [Function anonymous],
      "isFile": [Function anonymous],
      "isSymbolicLink": [Function anonymous],
      "name": "f",
      "parentPath": \${process.cwd()},
    },
    {
      "isDirectory": [Function anonymous],
      "isFile": [Function anonymous],
      "isSymbolicLink": [Function anonymous],
      "name": "s",
      "parentPath": \${process.cwd()},
    },
  ],
}
`;

exports[`unit:utils/getFileSystemEntries > fs (only async) > should return file system entries record (0) 1`] = `
{
  "directories": [
    {
      "isDirectory": [Function anonymous],
      "isFile": [Function anonymous],
      "isSymbolicLink": [Function anonymous],
      "name": "A",
      "parentPath": \${process.cwd()},
    },
    {
      "isDirectory": [Function anonymous],
      "isFile": [Function anonymous],
      "isSymbolicLink": [Function anonymous],
      "name": "B",
      "parentPath": \${process.cwd()},
    },
    {
      "isDirectory": [Function anonymous],
      "isFile": [Function anonymous],
      "isSymbolicLink": [Function anonymous],
      "name": "C",
      "parentPath": \${process.cwd()},
    },
    {
      "isDirectory": [Function anonymous],
      "isFile": [Function anonymous],
      "isSymbolicLink": [Function anonymous],
      "name": "D",
      "parentPath": \${process.cwd()},
    },
    {
      "isDirectory": [Function anonymous],
      "isFile": [Function anonymous],
      "isSymbolicLink": [Function anonymous],
      "name": "E",
      "parentPath": \${process.cwd()},
    },
  ],
  "files": [
    {
      "isDirectory": [Function anonymous],
      "isFile": [Function anonymous],
      "isSymbolicLink": [Function anonymous],
      "name": "a",
      "parentPath": \${process.cwd()},
    },
    {
      "isDirectory": [Function anonymous],
      "isFile": [Function anonymous],
      "isSymbolicLink": [Function anonymous],
      "name": "b",
      "parentPath": \${process.cwd()},
    },
    {
      "isDirectory": [Function anonymous],
      "isFile": [Function anonymous],
      "isSymbolicLink": [Function anonymous],
      "name": "c",
      "parentPath": \${process.cwd()},
    },
    {
      "isDirectory": [Function anonymous],
      "isFile": [Function anonymous],
      "isSymbolicLink": [Function anonymous],
      "name": "d",
      "parentPath": \${process.cwd()},
    },
    {
      "isDirectory": [Function anonymous],
      "isFile": [Function anonymous],
      "isSymbolicLink": [Function anonymous],
      "name": "e",
      "parentPath": \${process.cwd()},
    },
    {
      "isDirectory": [Function anonymous],
      "isFile": [Function anonymous],
      "isSymbolicLink": [Function anonymous],
      "name": "f",
      "parentPath": \${process.cwd()},
    },
    {
      "isDirectory": [Function anonymous],
      "isFile": [Function anonymous],
      "isSymbolicLink": [Function anonymous],
      "name": "s",
      "parentPath": \${process.cwd()},
    },
  ],
}
`;

exports[`unit:utils/getFileSystemEntries > fs (only async) > should return file system entries record (1) 1`] = `
{
  "directories": [
    {
      "isDirectory": [Function anonymous],
      "isFile": [Function anonymous],
      "isSymbolicLink": [Function anonymous],
      "name": "A",
      "parentPath": \${process.cwd()},
    },
    {
      "isDirectory": [Function anonymous],
      "isFile": [Function anonymous],
      "isSymbolicLink": [Function anonymous],
      "name": "B",
      "parentPath": \${process.cwd()},
    },
    {
      "isDirectory": [Function anonymous],
      "isFile": [Function anonymous],
      "isSymbolicLink": [Function anonymous],
      "name": "C",
      "parentPath": \${process.cwd()},
    },
    {
      "isDirectory": [Function anonymous],
      "isFile": [Function anonymous],
      "isSymbolicLink": [Function anonymous],
      "name": "D",
      "parentPath": \${process.cwd()},
    },
    {
      "isDirectory": [Function anonymous],
      "isFile": [Function anonymous],
      "isSymbolicLink": [Function anonymous],
      "name": "E",
      "parentPath": \${process.cwd()},
    },
  ],
  "files": [
    {
      "isDirectory": [Function anonymous],
      "isFile": [Function anonymous],
      "isSymbolicLink": [Function anonymous],
      "name": "a",
      "parentPath": \${process.cwd()},
    },
    {
      "isDirectory": [Function anonymous],
      "isFile": [Function anonymous],
      "isSymbolicLink": [Function anonymous],
      "name": "b",
      "parentPath": \${process.cwd()},
    },
    {
      "isDirectory": [Function anonymous],
      "isFile": [Function anonymous],
      "isSymbolicLink": [Function anonymous],
      "name": "c",
      "parentPath": \${process.cwd()},
    },
    {
      "isDirectory": [Function anonymous],
      "isFile": [Function anonymous],
      "isSymbolicLink": [Function anonymous],
      "name": "d",
      "parentPath": \${process.cwd()},
    },
    {
      "isDirectory": [Function anonymous],
      "isFile": [Function anonymous],
      "isSymbolicLink": [Function anonymous],
      "name": "e",
      "parentPath": \${process.cwd()},
    },
    {
      "isDirectory": [Function anonymous],
      "isFile": [Function anonymous],
      "isSymbolicLink": [Function anonymous],
      "name": "f",
      "parentPath": \${process.cwd()},
    },
    {
      "isDirectory": [Function anonymous],
      "isFile": [Function anonymous],
      "isSymbolicLink": [Function anonymous],
      "name": "s",
      "parentPath": \${process.cwd()},
    },
  ],
}
`;

exports[`unit:utils/getFileSystemEntries > fs (only async) > should return file system entries record (2) 1`] = `
{
  "directories": [
    {
      "isDirectory": [Function anonymous],
      "isFile": [Function anonymous],
      "isSymbolicLink": [Function anonymous],
      "name": "A",
      "parentPath": \${process.cwd()},
    },
    {
      "isDirectory": [Function anonymous],
      "isFile": [Function anonymous],
      "isSymbolicLink": [Function anonymous],
      "name": "B",
      "parentPath": \${process.cwd()},
    },
    {
      "isDirectory": [Function anonymous],
      "isFile": [Function anonymous],
      "isSymbolicLink": [Function anonymous],
      "name": "C",
      "parentPath": \${process.cwd()},
    },
    {
      "isDirectory": [Function anonymous],
      "isFile": [Function anonymous],
      "isSymbolicLink": [Function anonymous],
      "name": "D",
      "parentPath": \${process.cwd()},
    },
    {
      "isDirectory": [Function anonymous],
      "isFile": [Function anonymous],
      "isSymbolicLink": [Function anonymous],
      "name": "E",
      "parentPath": \${process.cwd()},
    },
  ],
  "files": [
    {
      "isDirectory": [Function anonymous],
      "isFile": [Function anonymous],
      "isSymbolicLink": [Function anonymous],
      "name": "a",
      "parentPath": \${process.cwd()},
    },
    {
      "isDirectory": [Function anonymous],
      "isFile": [Function anonymous],
      "isSymbolicLink": [Function anonymous],
      "name": "b",
      "parentPath": \${process.cwd()},
    },
    {
      "isDirectory": [Function anonymous],
      "isFile": [Function anonymous],
      "isSymbolicLink": [Function anonymous],
      "name": "c",
      "parentPath": \${process.cwd()},
    },
    {
      "isDirectory": [Function anonymous],
      "isFile": [Function anonymous],
      "isSymbolicLink": [Function anonymous],
      "name": "d",
      "parentPath": \${process.cwd()},
    },
    {
      "isDirectory": [Function anonymous],
      "isFile": [Function anonymous],
      "isSymbolicLink": [Function anonymous],
      "name": "e",
      "parentPath": \${process.cwd()},
    },
    {
      "isDirectory": [Function anonymous],
      "isFile": [Function anonymous],
      "isSymbolicLink": [Function anonymous],
      "name": "f",
      "parentPath": \${process.cwd()},
    },
    {
      "isDirectory": [Function anonymous],
      "isFile": [Function anonymous],
      "isSymbolicLink": [Function anonymous],
      "name": "s",
      "parentPath": \${process.cwd()},
    },
  ],
}
`;
